// Jest Snapshot v1, https://goo.gl/fbAQLP

exports[`jobSheetData 1`] = `
Object {
  "data": Object {
    "jobSheetData": Object {
      "groups": Array [
        Object {
          "__typename": "JobSheetGroup",
          "_id": "5b19df4a2aac04041e7ebff5",
          "costs": Object {
            "__typename": "JobSheetGroupCosts",
            "extendTotal": 2010,
            "extendUnit": 2010,
            "install": 600,
            "installType": 300,
            "netUnit": 2010,
            "options": 150,
            "trim": 100,
            "windows": 860,
          },
          "qty": 1,
          "rooms": Array [
            "BR",
          ],
          "specs": Object {
            "__typename": "JobSheetGroupSpecs",
            "groupTypeDescription": "2 Casements",
          },
        },
        Object {
          "__typename": "JobSheetGroup",
          "_id": "5b1a70802aac04956a7ec029",
          "costs": Object {
            "__typename": "JobSheetGroupCosts",
            "extendTotal": 3950,
            "extendUnit": 3950,
            "install": 1000,
            "installType": 500,
            "netUnit": 3950,
            "options": 250,
            "trim": 500,
            "windows": 1700,
          },
          "qty": 1,
          "rooms": Array [
            "DR",
          ],
          "specs": Object {
            "__typename": "JobSheetGroupSpecs",
            "groupTypeDescription": "Bow Window 2 Casements, 3 Fixed",
          },
        },
        Object {
          "__typename": "JobSheetGroup",
          "_id": "5b1a6fe92aac0423f37ec022",
          "costs": Object {
            "__typename": "JobSheetGroupCosts",
            "extendTotal": 1830,
            "extendUnit": 1830,
            "install": 500,
            "installType": 250,
            "netUnit": 1830,
            "options": 120,
            "trim": 100,
            "windows": 860,
          },
          "qty": 1,
          "rooms": Array [
            "BR",
          ],
          "specs": Object {
            "__typename": "JobSheetGroupSpecs",
            "groupTypeDescription": "2 Casements",
          },
        },
        Object {
          "__typename": "JobSheetGroup",
          "_id": "5b195db0c2e75ffe21fdd0ed",
          "costs": Object {
            "__typename": "JobSheetGroupCosts",
            "extendTotal": 3450,
            "extendUnit": 3450,
            "install": 1000,
            "installType": 500,
            "netUnit": 3450,
            "options": 150,
            "trim": 100,
            "windows": 1700,
          },
          "qty": 1,
          "rooms": Array [
            "DR",
          ],
          "specs": Object {
            "__typename": "JobSheetGroupSpecs",
            "groupTypeDescription": "Bow Window 2 Casements, 3 Fixed",
          },
        },
        Object {
          "__typename": "JobSheetGroup",
          "_id": "603d3575869503690158e2b5",
          "costs": Object {
            "__typename": "JobSheetGroupCosts",
            "extendTotal": 1970,
            "extendUnit": 1970,
            "install": 775,
            "installType": 0,
            "netUnit": 1970,
            "options": 0,
            "trim": 0,
            "windows": 1195,
          },
          "qty": 1,
          "rooms": Array [
            "LR",
          ],
          "specs": Object {
            "__typename": "JobSheetGroupSpecs",
            "groupTypeDescription": "2 Double Hungs- 1 Fixed ",
          },
        },
      ],
      "jobsheet": Object {
        "__typename": "JobSheet",
        "_id": "5b1846d52aac0450227ebfe9",
        "addressID": Object {
          "_id": "5b1846d52aac04948a7ebfe8",
          "city": "Welland",
          "street1": "18 Chantler Rd",
          "street2": null,
        },
        "createdAt": "1528317653405",
        "customerID": Object {
          "__typename": "Customer",
          "_id": "5b1846c62aac040faf7ebfe7",
          "name": Object {
            "first": "Joe",
            "last": "DiMarco (tester)",
            "spouse": "",
          },
        },
        "features": "A.C. Vinyl Windows (Darker)
Low E & Argon Gas
Full-frame Change 
2 3/4\\" Fingerjoint Trim
Aluminum Capping
Complete Garbage Removal
Installed Including HST",
        "updatedAt": "1528422516019",
      },
      "other": Array [
        Object {
          "__typename": "JobSheetOther",
          "_id": "5b19e00f2aac04230d7ec012",
          "costs": Object {
            "__typename": "OtherCosts",
            "extendTotal": 255,
            "extendUnit": 255,
          },
          "createdAt": "1528422415342",
          "description": "Cap Garage Frame
Ok",
          "qty": 1,
          "rooms": Array [
            "BR",
          ],
          "specs": Object {
            "__typename": "OtherSpecs",
            "location": "Driveway",
            "options": "Pebble Colour",
          },
          "updatedAt": "1582571391922",
        },
        Object {
          "__typename": "JobSheetOther",
          "_id": "603d3575869503690158e2b8",
          "costs": Object {
            "__typename": "OtherCosts",
            "extendTotal": 825,
            "extendUnit": 825,
          },
          "createdAt": "1614624117165",
          "description": "Installation of Single S/L Door
Includes Aluminum Capping",
          "qty": 1,
          "rooms": Array [
            "BR",
          ],
          "specs": Object {
            "__typename": "OtherSpecs",
            "location": "",
            "options": "",
          },
          "updatedAt": "1614624117165",
        },
      ],
      "windows": Array [
        Object {
          "__typename": "JobSheetWindow",
          "_id": "5b18474a2aac045b127ebfeb",
          "costs": Object {
            "__typename": "JobSheetItemCosts",
            "extendTotal": 1185,
            "extendUnit": 1185,
            "install": 300,
            "installType": 200,
            "netUnit": 1185,
            "options": 60,
            "trim": 75,
            "window": 550,
          },
          "createdAt": "1528317732135",
          "qty": 1,
          "rooms": Array [
            "BR",
          ],
          "updatedAt": "1582571334118",
        },
        Object {
          "__typename": "JobSheetWindow",
          "_id": "5b1847242aac0405487ebfea",
          "costs": Object {
            "__typename": "JobSheetItemCosts",
            "extendTotal": 1085,
            "extendUnit": 1085,
            "install": 300,
            "installType": 200,
            "netUnit": 1085,
            "options": 60,
            "trim": 75,
            "window": 450,
          },
          "createdAt": "1528317732135",
          "qty": 1,
          "rooms": Array [
            "BR",
          ],
          "updatedAt": "1528317755342",
        },
        Object {
          "__typename": "JobSheetWindow",
          "_id": "5e541f55aaa6490007efcede",
          "costs": Object {
            "__typename": "JobSheetItemCosts",
            "extendTotal": 415,
            "extendUnit": 415,
            "install": 0,
            "installType": 0,
            "netUnit": 415,
            "options": 0,
            "trim": 0,
            "window": 415,
          },
          "createdAt": "1582571349294",
          "qty": 1,
          "rooms": Array [],
          "updatedAt": "1582571349294",
        },
      ],
    },
  },
  "errors": undefined,
  "extensions": undefined,
  "http": Object {
    "headers": Headers {
      Symbol(map): Object {},
    },
  },
}
`;

exports[`searchJobSheetsByCustomer 1`] = `
Object {
  "data": Object {
    "searchJobSheetsByCustomer": Array [
      Object {
        "_id": "5ce69196ec2d8e7c1cb03dec",
        "addressID": Object {
          "_id": "5ce69196ec2d8ee6f5b03deb",
          "city": "Niagara-on-the-Lake",
          "street1": "44 Queen St",
        },
        "number": 1321,
        "updatedAt": "1558614422846",
      },
      Object {
        "_id": "5b2122152aac04d9f57ec06f",
        "addressID": Object {
          "_id": "5b2122152aac0418527ec06e",
          "city": "Hamilton",
          "street1": "Hamilton St",
        },
        "number": 1231,
        "updatedAt": "1554995207743",
      },
    ],
  },
  "errors": undefined,
  "extensions": undefined,
  "http": Object {
    "headers": Headers {
      Symbol(map): Object {},
    },
  },
}
`;
